C:\Users\superman\Documents\spaceinvaders\XPS\implementation\system.ngc 1441202513
C:/Users/superman/Documents/spaceinvaders/XPS/implementation/push_buttons_5bits_wrapper.ngc 1441202474
C:/Users/superman/Documents/spaceinvaders/XPS/implementation/dip_switches_8bits_wrapper.ngc 1441202487
C:/Users/superman/Documents/spaceinvaders/XPS/implementation/rs232_uart_1_wrapper.ngc 1441202468
C:/Users/superman/Documents/spaceinvaders/XPS/implementation/proc_sys_reset_0_wrapper.ngc 1441202375
C:/Users/superman/Documents/spaceinvaders/XPS/implementation/clock_generator_0_wrapper.ngc 1441202499
C:/Users/superman/Documents/spaceinvaders/XPS/implementation/microblaze_0_ilmb_wrapper.ngc 1441202490
C:/Users/superman/Documents/spaceinvaders/XPS/implementation/microblaze_0_dlmb_wrapper.ngc 1441202493
C:/Users/superman/Documents/spaceinvaders/XPS/implementation/axi4lite_0_wrapper.ngc 1441202502
C:/Users/superman/Documents/spaceinvaders/XPS/implementation/microblaze_0_wrapper.ngc 1441202496
C:/Users/superman/Documents/spaceinvaders/XPS/implementation/microblaze_0_i_bram_ctrl_wrapper.ngc 1441202384
C:/Users/superman/Documents/spaceinvaders/XPS/implementation/microblaze_0_d_bram_ctrl_wrapper.ngc 1441202393
C:/Users/superman/Documents/spaceinvaders/XPS/implementation/debug_module_wrapper.ngc 1441202449
C:/Users/superman/Documents/spaceinvaders/XPS/implementation/leds_8bits_wrapper.ngc 1441202480
C:/Users/superman/Documents/spaceinvaders/XPS/implementation/microblaze_0_bram_block_wrapper.ngc 1441202398
OK
